  Файл: /home/user1
  Размер: 4096      	Блоков: 8          Блок В/В: 4096   каталог
Устройство: 8/4	Инода: 655362      Ссылки: 2
Доступ: (0700/drwx------)  Uid: ( 1234/   user1)   Gid: ( 1000/students)
Контекст: unconfined_u:object_r:user_home_dir_t:s0
Доступ:        2026-10-08 00:39:22.666332071 +0300
Модифицирован: 2026-10-08 00:39:22.677332013 +0300
Изменён:       2026-10-08 00:39:22.677332013 +0300
Создан:        2026-10-08 00:39:22.666332071 +0300
  Файл: /home/user1/cat
  Размер: 36568     	Блоков: 72         Блок В/В: 4096   обычный файл
Устройство: 8/4	Инода: 655372      Ссылки: 1
Доступ: (4755/-rwsr-xr-x)  Uid: (    0/    root)   Gid: (    0/    root)
Контекст: unconfined_u:object_r:user_home_t:s0
Доступ:        2026-10-08 01:27:34.898402948 +0300
Модифицирован: 2026-10-08 01:27:34.898402948 +0300
Изменён:       2026-10-08 01:28:51.643937314 +0300
Создан:        2026-10-08 01:27:34.898402948 +0300
  Файл: /home/user1/chown
  Размер: 65840     	Блоков: 144        Блок В/В: 4096   обычный файл
Устройство: 8/4	Инода: 655373      Ссылки: 1
Доступ: (0755/-rwxr-xr-x)  Uid: (    0/    root)   Gid: (    0/    root)
Контекст: unconfined_u:object_r:user_home_t:s0
Доступ:        2026-10-08 01:41:31.011407564 +0300
Модифицирован: 2026-10-08 01:36:18.478237280 +0300
Изменён:       2026-10-08 01:38:03.866620290 +0300
Создан:        2026-10-08 01:36:18.478237280 +0300
