/usr/bin/loginfo-gui
/usr/bin/chfn
/usr/bin/ksu
/usr/bin/loginfo.sh
/usr/bin/mount
/usr/bin/chage
/usr/bin/umount
/usr/bin/at
/usr/bin/newgrp
/usr/bin/firejail
/usr/bin/gpasswd
/usr/bin/chsh
/usr/bin/crontab
/usr/bin/join-to-domain.sh
/usr/bin/sudo
/usr/bin/pkexec
/usr/bin/passwd
/usr/bin/fusermount3
/usr/bin/su
/usr/bin/fusermount-glusterfs
/usr/lib/polkit-1/polkit-agent-helper-1
/usr/libexec/xf86-video-intel-backlight-helper
/usr/libexec/libgtop_server2
/usr/libexec/Xorg.wrap
/usr/libexec/spice-gtk-x86_64/spice-client-glib-usb-acl-helper
/usr/libexec/dbus-1/dbus-daemon-launch-helper
/usr/share/loginfo/init_form_caller.py
/usr/sbin/mount.nfs
/usr/sbin/pam_timestamp_check
/usr/sbin/grub2-set-bootflag
/usr/sbin/unix_chkpwd
/usr/sbin/userhelper
/usr/lib64/chromium-browser/chrome-sandbox
